// Jest Snapshot v1, https://goo.gl/fbAQLP

exports[`renders components Greeting to create snapshot 1`] = `
<div>
  <h1>
    Hi 
    default name!
  </h1>
</div>
`;
